[monk-e.in/index.html]
[monk-e.in/form.js]
[monk-e.in/assets/js/jquery.js]
[monk-e.in/assets/js/jquerymin.js]
[monk-e.in/assets/js/bootstrap.min.js]
[monk-e.in/assets/js/bootstrap.min2.js]
[monk-e.in/assets/js/bootstrap.min1.js]
[backblue.gif]
[fade.gif]
[index.html]
[monk-e.in/assets/images/title-icon.png]
[monk-e.in/about.html]
[monk-e.in/work.html]
[monk-e.in/connect.html]
[monk-e.in/media.html]
[monk-e.in/assets/images/homepage/custom – 1.png]
[monk-e.in/assets/images/homepage/custom – 2.png]
[monk-e.in/assets/images/homepage/custom – 3.png]
[monk-e.in/assets/images/homepage/custom – 4.png]
[monk-e.in/assets/images/homepage/slide1.gif]
[monk-e.in/assets/images/awards/Awards2.jpg]
[monk-e.in/assets/images/awards/awards1.jpg]
[monk-e.in/assets/images/awards/awards3.jpg]
[monk-e.in/assets/images/awards/awards4.jpg]
[monk-e.in/assets/images/awards/awards6.jpg]
[monk-e.in/assets/images/awards/awards5.jpg]
[monk-e.in/assets/images/homepage/Nykaman1.jpg]
[monk-e.in/assets/images/brands/logo-1.png]
[monk-e.in/assets/images/brands/logo-2.png]
[monk-e.in/assets/images/brands/logo-3.png]
[monk-e.in/assets/images/brands/logo-4.png]
[monk-e.in/assets/images/brands/logo-5.png]
[monk-e.in/assets/images/brands/logo-6.png]
[monk-e.in/assets/images/brands/logo-7.png]
[monk-e.in/assets/images/brands/logo-8.png]
[monk-e.in/assets/images/brands/logo-9.png]
[monk-e.in/assets/images/brands/logo-10.png]
[monk-e.in/assets/images/brands/logo-11.png]
[monk-e.in/assets/images/brands/logo-12.png]
[monk-e.in/assets/images/brands/logo-13.png]
[monk-e.in/assets/images/Media/media1.png]
[monk-e.in/assets/images/Media/media2.png]
[monk-e.in/assets/images/Media/media3.png]
[www.google.com/recaptcha/api.js]
[monk-e.in/index.html]
[cdnjs.cloudflare.com/ajax/libs/slick-carousel/1.6.0/slick.js]
[monk-e.in/assets/style/home/strip1.jpg]
[monk-e.in/assets/style/home/strip3.jpg]
[monk-e.in/assets/style/home/strip2.jpg]
[monk-e.in/assets/style/home/strip4.jpg]
[monk-e.in/assets/style/home.css]
[monk-e.in/assets/style/footer.css]
[monk-e.in/assets/style/social-logo.css]
[monk-e.in/assets/style/desktop.css]
[monk-e.in/assets/style/mobile-responsive.css]
[monk-e.in/assets/style/ipad-ipadpro.style.css]
[monk-e.in/assets/style/tachyons.css]
[monk-e.in/assets/style/bootstrap.min.css]
[monk-e.in/assets/fonts/fontawesome-webfont.413e6e.delayed]
[monk-e.in/assets/fonts/fontawesome-webfont.42d41d.delayed]
[monk-e.in/assets/fonts/fontawesome-webfont.433e6e.delayed]
[monk-e.in/assets/fonts/fontawesome-webfont.443e6e.delayed]
[monk-e.in/assets/fonts/fontawesome-webfont.453e6e.delayed]
[monk-e.in/assets/fonts/fontawesome-webfont.463e6e.delayed]
[monk-e.in/assets/style/font-awesome.min.css]
[monk-e.in/assets/style/IBM.css]
[monk-e.in/assets/style/app.css]
[monk-e.in/assets/style/header.css]
[monk-e.in/assets/style/Rubik.css]
[monk-e.in/assets/images/header/monkeLogo1.svg]
[stackpath.bootstrapcdn.com/bootstrap/4.4.1/css/bootstrap.min.css]
[cdnjs.cloudflare.com/ajax/libs/font-awesome/4.7.0/css/font-awesome.min.css]
[code.jquery.com/jquery-3.4.1.slim.min.js]
[cdn.jsdelivr.net/npm/popper.js@1.16.0/dist/umd/popper.min.js]
[stackpath.bootstrapcdn.com/bootstrap/4.4.1/js/bootstrap.min.js]
[monk-e.in/assets/images/Capture2.png]
[monk-e.in/assets/images/Our-Team/01 Ranveer color.jpg]
[monk-e.in/assets/images/Our-Team/02 Viraj Color.jpg]
[monk-e.in/assets/images/Our-Team/03 Jalak color.jpg]
[monk-e.in/assets/images/Our-Team/Neel.jpg]
[monk-e.in/assets/images/Our-Team/Ayush.jpg]
[monk-e.in/assets/images/Our-Team/MAHIMA.jpg]
[monk-e.in/assets/images/Our-Team/Easha.jpg]
[monk-e.in/assets/images/Our-Team/Bala.jpg]
[monk-e.in/assets/images/Our-Team/Ruchita.jpg]
[monk-e.in/assets/images/Our-Team/RISHITA.jpg]
[monk-e.in/assets/images/Our-Team/HARSH GANDHi.jpg]
[monk-e.in/assets/images/Our-Team/Abhishek Bhat.jpg]
[monk-e.in/assets/images/Our-Team/Nitin Menghani.jpg]
[monk-e.in/assets/images/Our-Team/Samkit shah.jpg]
[monk-e.in/assets/images/Our-Team/Komal.jpg]
[monk-e.in/assets/images/Our-Team/Sairaj Parab.jpg]
[monk-e.in/assets/images/Our-Team/yash.jpg]
[monk-e.in/assets/images/Our-Team/pinto.jpg]
[monk-e.in/assets/images/Our-Team/Bhavesh.jpg]
[monk-e.in/assets/images/Our-Team/Sarita.jpg]
[monk-e.in/assets/images/Our-Team/saloni.jpg]
[monk-e.in/assets/images/Our-Team/Krishnadev.jpg]
[monk-e.in/assets/images/Influencer2/RANVEERINFLUENCER-01.jpg]
[monk-e.in/assets/images/Influencer2/BEYOUNICK.jpg]
[monk-e.in/assets/images/Influencer2/GAURAV.jpg]
[monk-e.in/assets/images/Influencer2/RISHY ARORA.jpg]
[monk-e.in/assets/images/Influencer2/Nikhil.jpg]
[monk-e.in/assets/images/Influencer2/SHANICE.jpg]
[monk-e.in/assets/images/Influencer2/LarissaDsa-01.jpg]
[monk-e.in/assets/images/Influencer2/akshbaghla.jpg]
[monk-e.in/assets/images/Influencer2/COOKINGSHOOKING.jpg]
[monk-e.in/assets/images/Influencer2/ShittyIdeasTrending-01.jpg]
[monk-e.in/assets/images/Influencer2/js films.jpg]
[monk-e.in/assets/images/Influencer2/NIHARIKA.jpg]
[monk-e.in/assets/images/Influencer2/Shraddha PR..jpg]
[monk-e.in/assets/images/Influencer2/Radhika PR.jpg]
[monk-e.in/assets/images/Influencer2/Vishakha PR.jpg]
[monk-e.in/about.html]
[kit.fontawesome.com/a076d05399.js]
[maxcdn.bootstrapcdn.com/font-awesome/4.7.0/css/font-awesome.min.css]
[ajax.googleapis.com/ajax/libs/jquery/1.12.4/jquery.min.js]
[use.fontawesome.com/releases/v5.8.2/css/all.css]
[cdnjs.cloudflare.com/ajax/libs/jquery/3.4.1/jquery.min.js]
[cdnjs.cloudflare.com/ajax/libs/popper.js/1.14.4/umd/popper.min.js]
[cdnjs.cloudflare.com/ajax/libs/twitter-bootstrap/4.4.1/js/bootstrap.min.js]
[cdnjs.cloudflare.com/ajax/libs/mdbootstrap/4.16.0/js/mdb.min.js]
[monk-e.in/assets/images/Projects/Nykaman1.jpg]
[monk-e.in/assets/images/Projects/Casestudythumbgroww-01.jpg]
[monk-e.in/assets/images/Projects/CASESTUDYTHUMBFLO-01.jpg]
[monk-e.in/assets/images/Projects/maxresdefault (4).jpg]
[monk-e.in/assets/images/Projects/SonyXtiktok.jpg]
[monk-e.in/assets/images/Projects/maxresdefault (1).jpg]
[monk-e.in/assets/images/Projects/1P1vK0D6Ntcsdas.jpg]
[monk-e.in/assets/images/Projects/growwad.jpg]
[monk-e.in/assets/images/Projects/maxresdefault (3).jpg]
[monk-e.in/assets/images/Projects/maxresdefault.jpg]
[monk-e.in/assets/images/brands/logo-14.png]
[monk-e.in/assets/images/brands/logo-15.png]
[monk-e.in/assets/images/brands/logo-16.png]
[monk-e.in/work.html]
[use.fontawesome.com/releases/v5.10.0/css/all.css]
[code.jquery.com/jquery-3.4.1.min.js]
[monk-e.in/assets/images/work-min.jpg]
[monk-e.in/assets/images/Studio-min.jpg]
[monk-e.in/connect.html]
[monk-e.in/media.html]
[monk-e.in/about/index.html]
[monk-e.in/assets/images/logofoot.svg]
[monk-e.in/assets/images/forms-icon.svg]
[monk-e.in/assets/fonts/fontawesome-webfont3e6e.html]
[monk-e.in/assets/fonts/fontawesome-webfontd41d.html]
[monk-e.in/assets/fonts/fontawesome-webfont3e6e-2.html]
[monk-e.in/assets/fonts/fontawesome-webfont3e6e-3.html]
[monk-e.in/assets/fonts/fontawesome-webfont3e6e-4.html]
[monk-e.in/assets/fonts/fontawesome-webfont3e6e-5.html]
[monk-e.in/assets/style/Work â 2 (3.92.delayed]
[monk-e.in/assets/style/Work â 2 (1.93.delayed]
[monk-e.in/assets/style/work.css]
[monk-e.in/assets/style/Work â 1 (2.94.delayed]
[monk-e.in/assets/style/Work â 1 (1.95.delayed]
[monk-e.in/assets/style/media/media1.png]
[monk-e.in/assets/style/media/media2.png]
[monk-e.in/assets/style/media/media3.png]
[monk-e.in/assets/style/media/media2ndlst.png]
[monk-e.in/assets/style/media/medialasr.png]
[monk-e.in/assets/style/media/content.png]
[monk-e.in/assets/style/media/media7.jpg]
[monk-e.in/assets/style/media/influencer-4492841_1280.webp]
[monk-e.in/assets/style/media/influencer-panel-2.webp]
[monk-e.in/assets/style/media/gaurav.png]
[monk-e.in/assets/style/media/linkdl.jpg]
[monk-e.in/assets/style/media/Be-YouNick-and-Sunny-Leone.jpg]
[monk-e.in/assets/style/media/ranveermedia13.png]
[monk-e.in/assets/style/media/youniucandrock.jpg]
[monk-e.in/assets/style/media/Radhika-Bangia-1-1-777x437.jpg]
[monk-e.in/assets/style/media/nikfanfest.jpg]
[monk-e.in/assets/style/media/ayushmann-khurrana.jpg]
[monk-e.in/assets/style/media/ayushmann-khurrana2.jpg]
[monk-e.in/assets/style/media/beer-bixceps_d.jpg]
[monk-e.in/assets/style/media/hqdefault.jpg]
[monk-e.in/assets/style/media/aa-Cover.jpg]
[monk-e.in/assets/style/media/when-radhika.jpg]
[monk-e.in/assets/style/media/freepressjourna.jpg]
[monk-e.in/assets/style/media/ranveer-procedural.jpg]
[monk-e.in/assets/style/media/deloitte-india-predictions.jpg]
[monk-e.in/assets/style/media/exclusive_beer.jpg]
[monk-e.in/assets/style/media/ranveer-his-personal-style.jpg]
[monk-e.in/assets/style/media/infuluesfsd.webp]
[monk-e.in/assets/style/media/whatmen.png]
[monk-e.in/assets/style/media/youtube-was-the-one.jpg]
[monk-e.in/assets/style/media/be-you-nick.jpg]
[monk-e.in/assets/style/media/imagecec9cf3b.jpg]
[monk-e.in/assets/style/media/ranveer-chwarzenegger-and-linda-hamilton.jpg]
[monk-e.in/assets/style/media/5daf379e7e9a6.image.jpg]
[monk-e.in/assets/style/media/taking-the.jpg]
[monk-e.in/assets/style/media/terry_1570559170435.webp]
[monk-e.in/assets/style/media/The-Ranveer-Show.jpg]
[monk-e.in/assets/style/media/priyanka-chopra-interview.jpg]
[monk-e.in/assets/style/media/Priyanka-Chopr.jpg]
[monk-e.in/assets/style/media/Virajqote.png]
[monk-e.in/assets/style/media/saif and sara.jpg]
[monk-e.in/assets/style/media/i-am-a-slow-learner-saif-ali-khan-920x518.jpg]
[monk-e.in/assets/style/media/Nora-Fatehi-in-Garmi-Govinda-in-the-meme-video.webp]
[monk-e.in/assets/style/media/shradha.png]
[monk-e.in/assets/style/media/BeFunky-collage-11.jpg]
[monk-e.in/assets/style/media/fi-5th-march.png]
[monk-e.in/assets/style/media/RadhikaHoliFINALUPL-1584710877037.png]
[monk-e.in/assets/style/media/BeFunky-collage-2020-04-06T180200.996.jpg]
[monk-e.in/assets/style/media/Vishakha-Fulsunge.jpg]
[monk-e.in/assets/style/about.css]
[stackpath.bootstrapcdn.com/bootstrap/4.4.1/css/bootstrap.min.css]
[cdnjs.cloudflare.com/ajax/libs/font-awesome/4.7.0/css/font-awesome.min.css]
[monk-e.in/assets/style/work-tab.css]
[monk-e.in/assets/style/testimonials.css]
[monk-e.in/assets/webfonts/fa-brands-400.c7.delayed]
[monk-e.in/assets/webfonts/fa-brands-400.c8d41d.delayed]
[monk-e.in/assets/webfonts/fa-brands-400.c9.delayed]
[monk-e.in/assets/webfonts/fa-brands-400.ca.delayed]
[monk-e.in/assets/webfonts/fa-brands-400.cb.delayed]
[monk-e.in/assets/webfonts/fa-brands-400.cc.delayed]
[monk-e.in/assets/webfonts/fa-regular-400.cd.delayed]
[monk-e.in/assets/webfonts/fa-regular-400.ced41d.delayed]
[monk-e.in/assets/webfonts/fa-regular-400.cf.delayed]
[monk-e.in/assets/webfonts/fa-regular-400.d0.delayed]
[monk-e.in/assets/webfonts/fa-regular-400.d1.delayed]
[monk-e.in/assets/webfonts/fa-regular-400.d2.delayed]
[monk-e.in/assets/webfonts/fa-solid-900.d3.delayed]
[monk-e.in/assets/webfonts/fa-solid-900.d4d41d.delayed]
[monk-e.in/assets/webfonts/fa-solid-900.d5.delayed]
[monk-e.in/assets/webfonts/fa-solid-900.d6.delayed]
[monk-e.in/assets/webfonts/fa-solid-900.d7.delayed]
[monk-e.in/assets/webfonts/fa-solid-900.d8.delayed]
[monk-e.in/assets/style/all.css]
[maxcdn.bootstrapcdn.com/font-awesome/4.7.0/css/font-awesome.min.css]
[monk-e.in/assets/style/slider-bootsrap.css]
[use.fontawesome.com/releases/v5.8.2/css/all.css]
[monk-e.in/assets/style/Work â 3 (2.d9.delayed]
[monk-e.in/assets/style/Work â 3 (1.da.delayed]
[monk-e.in/assets/style/connect.css]
[use.fontawesome.com/releases/v5.10.0/css/all.css]
[monk-e.in/assets/style/Work â 2 (3.html]
[monk-e.in/assets/style/Work â 2 (1.html]
[monk-e.in/assets/style/Work â 1 (2.html]
[monk-e.in/assets/style/Work â 1 (1.html]
[monk-e.in/assets/webfonts/fa-brands-400.html]
[monk-e.in/assets/webfonts/fa-brands-400d41d.html]
[monk-e.in/assets/webfonts/fa-brands-401.html]
[monk-e.in/assets/webfonts/fa-brands-402.html]
[monk-e.in/assets/webfonts/fa-brands-403.html]
[monk-e.in/assets/webfonts/fa-brands-404.html]
[monk-e.in/assets/webfonts/fa-regular-400.html]
[monk-e.in/assets/webfonts/fa-regular-400d41d.html]
[monk-e.in/assets/webfonts/fa-regular-401.html]
[monk-e.in/assets/webfonts/fa-regular-402.html]
[monk-e.in/assets/webfonts/fa-regular-403.html]
[monk-e.in/assets/webfonts/fa-regular-404.html]
[monk-e.in/assets/webfonts/fa-solid-900.html]
[monk-e.in/assets/webfonts/fa-solid-900d41d.html]
[monk-e.in/assets/webfonts/fa-solid-901.html]
[monk-e.in/assets/webfonts/fa-solid-902.html]
[monk-e.in/assets/webfonts/fa-solid-903.html]
[monk-e.in/assets/webfonts/fa-solid-904.html]
[monk-e.in/assets/style/Work â 3 (2.html]
[monk-e.in/assets/style/Work â 3 (1.html]
